// Jest Snapshot v1, https://goo.gl/fbAQLP

exports[`renders correctly  1`] = `
<button
  className="sc-bdnylx etDzgm"
  onClick={[Function]}
/>
`;

exports[`renders correctly when there are no items 1`] = `
<button
  className="sc-bdnylx etDzgm"
  onClick={[Function]}
/>
`;
